{"timestamp":"2026-09-10T13:30:12.929640Z","level":"info","event":"DAG bundles loaded: dags-folder","logger":"airflow.dag_processing.bundles.manager.DagBundlesManager","filename":"manager.py","lineno":179}
{"timestamp":"2026-09-10T13:30:12.930135Z","level":"info","event":"Filling up the DagBag from /opt/airflow/dags/market_pipeline.py","logger":"airflow.models.dagbag.DagBag","filename":"dagbag.py","lineno":593}
{"timestamp":"2026-09-10T13:30:12.953775Z","level":"info","event":"Tmp dir root location: /tmp","logger":"airflow.task.hooks.airflow.providers.standard.hooks.subprocess.SubprocessHook","filename":"subprocess.py","lineno":78}
{"timestamp":"2026-09-10T13:30:12.954179Z","level":"info","event":"Running command: ['/usr/bin/bash', '-c', 'cd /opt/fast-orderbook && python -m fast_orderbook.analytics.runner']","logger":"airflow.task.hooks.airflow.providers.standard.hooks.subprocess.SubprocessHook","filename":"subprocess.py","lineno":88}
{"timestamp":"2026-09-10T13:30:12.962687Z","level":"info","event":"Output:","logger":"airflow.task.hooks.airflow.providers.standard.hooks.subprocess.SubprocessHook","filename":"subprocess.py","lineno":99}
{"timestamp":"2026-09-10T13:30:13.383643Z","level":"info","event":"","logger":"airflow.task.hooks.airflow.providers.standard.hooks.subprocess.SubprocessHook","filename":"subprocess.py","lineno":106}
{"timestamp":"2026-09-10T13:30:13.383745Z","level":"info","event":"Bronze Data Quality","logger":"airflow.task.hooks.airflow.providers.standard.hooks.subprocess.SubprocessHook","filename":"subprocess.py","lineno":106}
{"timestamp":"2026-09-10T13:30:13.383793Z","level":"info","event":"-------------------","logger":"airflow.task.hooks.airflow.providers.standard.hooks.subprocess.SubprocessHook","filename":"subprocess.py","lineno":106}
{"timestamp":"2026-09-10T13:30:13.383828Z","level":"info","event":"Total rows:               14314","logger":"airflow.task.hooks.airflow.providers.standard.hooks.subprocess.SubprocessHook","filename":"subprocess.py","lineno":106}
{"timestamp":"2026-09-10T13:30:13.383867Z","level":"info","event":"Missing required fields:  0","logger":"airflow.task.hooks.airflow.providers.standard.hooks.subprocess.SubprocessHook","filename":"subprocess.py","lineno":106}
{"timestamp":"2026-09-10T13:30:13.383899Z","level":"info","event":"Invalid price rows:       0","logger":"airflow.task.hooks.airflow.providers.standard.hooks.subprocess.SubprocessHook","filename":"subprocess.py","lineno":106}
{"timestamp":"2026-09-10T13:30:13.383929Z","level":"info","event":"Invalid quantity rows:    0","logger":"airflow.task.hooks.airflow.providers.standard.hooks.subprocess.SubprocessHook","filename":"subprocess.py","lineno":106}
{"timestamp":"2026-09-10T13:30:13.383961Z","level":"info","event":"Invalid timestamp rows:   0","logger":"airflow.task.hooks.airflow.providers.standard.hooks.subprocess.SubprocessHook","filename":"subprocess.py","lineno":106}
{"timestamp":"2026-09-10T13:30:13.383990Z","level":"info","event":"Duplicate rows:           0","logger":"airflow.task.hooks.airflow.providers.standard.hooks.subprocess.SubprocessHook","filename":"subprocess.py","lineno":106}
{"timestamp":"2026-09-10T13:30:13.384020Z","level":"info","event":"","logger":"airflow.task.hooks.airflow.providers.standard.hooks.subprocess.SubprocessHook","filename":"subprocess.py","lineno":106}
{"timestamp":"2026-09-10T13:30:13.384051Z","level":"info","event":"Silver dataset created: data/silver/trades.parquet","logger":"airflow.task.hooks.airflow.providers.standard.hooks.subprocess.SubprocessHook","filename":"subprocess.py","lineno":106}
{"timestamp":"2026-09-10T13:30:13.384083Z","level":"info","event":"","logger":"airflow.task.hooks.airflow.providers.standard.hooks.subprocess.SubprocessHook","filename":"subprocess.py","lineno":106}
{"timestamp":"2026-09-10T13:30:13.384113Z","level":"info","event":"Gold dataset created: data/gold/market_summary_1m.parquet","logger":"airflow.task.hooks.airflow.providers.standard.hooks.subprocess.SubprocessHook","filename":"subprocess.py","lineno":106}
{"timestamp":"2026-09-10T13:30:13.397709Z","level":"info","event":"Command exited with return code 0","logger":"airflow.task.hooks.airflow.providers.standard.hooks.subprocess.SubprocessHook","filename":"subprocess.py","lineno":110}
{"timestamp":"2026-09-10T13:30:13.398181Z","level":"info","event":"Pushing xcom","ti":"RuntimeTaskInstance(id=UUID('01a08b82-d293-7c7c-819c-069113965352'), task_id='silver_to_gold', dag_id='fast_orderbook_market_pipeline', run_id='scheduled__2026-09-10T13:30:00+00:00', try_number=1, dag_version_id=UUID('01a08b09-51f9-7b61-9e85-e932a7d94770'), map_index=-1, hostname='429afdce79e7', context_carrier={}, task=<Task(BashOperator): silver_to_gold>, bundle_instance=LocalDagBundle(name=dags-folder), max_tries=2, start_date=datetime.datetime(2026, 9, 10, 13, 30, 12, 912081, tzinfo=datetime.timezone.utc), end_date=None, state=<TaskInstanceState.RUNNING: 'running'>, is_mapped=False, rendered_map_index=None)","logger":"task","filename":"task_runner.py","lineno":1352}
