{"timestamp":"2026-09-10T11:45:11.636655Z","level":"info","event":"DAG bundles loaded: dags-folder","logger":"airflow.dag_processing.bundles.manager.DagBundlesManager","filename":"manager.py","lineno":179}
{"timestamp":"2026-09-10T11:45:11.637150Z","level":"info","event":"Filling up the DagBag from /opt/airflow/dags/market_pipeline.py","logger":"airflow.models.dagbag.DagBag","filename":"dagbag.py","lineno":593}
{"timestamp":"2026-09-10T11:45:11.660731Z","level":"info","event":"Tmp dir root location: /tmp","logger":"airflow.task.hooks.airflow.providers.standard.hooks.subprocess.SubprocessHook","filename":"subprocess.py","lineno":78}
{"timestamp":"2026-09-10T11:45:11.661070Z","level":"info","event":"Running command: ['/usr/bin/bash', '-c', 'cd /opt/fast-orderbook && python -m fast_orderbook.analytics.runner']","logger":"airflow.task.hooks.airflow.providers.standard.hooks.subprocess.SubprocessHook","filename":"subprocess.py","lineno":88}
{"timestamp":"2026-09-10T11:45:11.668880Z","level":"info","event":"Output:","logger":"airflow.task.hooks.airflow.providers.standard.hooks.subprocess.SubprocessHook","filename":"subprocess.py","lineno":99}
{"timestamp":"2026-09-10T11:45:12.036885Z","level":"info","event":"","logger":"airflow.task.hooks.airflow.providers.standard.hooks.subprocess.SubprocessHook","filename":"subprocess.py","lineno":106}
{"timestamp":"2026-09-10T11:45:12.036987Z","level":"info","event":"Bronze Data Quality","logger":"airflow.task.hooks.airflow.providers.standard.hooks.subprocess.SubprocessHook","filename":"subprocess.py","lineno":106}
{"timestamp":"2026-09-10T11:45:12.037034Z","level":"info","event":"-------------------","logger":"airflow.task.hooks.airflow.providers.standard.hooks.subprocess.SubprocessHook","filename":"subprocess.py","lineno":106}
{"timestamp":"2026-09-10T11:45:12.037069Z","level":"info","event":"Total rows:               14314","logger":"airflow.task.hooks.airflow.providers.standard.hooks.subprocess.SubprocessHook","filename":"subprocess.py","lineno":106}
{"timestamp":"2026-09-10T11:45:12.037105Z","level":"info","event":"Missing required fields:  0","logger":"airflow.task.hooks.airflow.providers.standard.hooks.subprocess.SubprocessHook","filename":"subprocess.py","lineno":106}
{"timestamp":"2026-09-10T11:45:12.037136Z","level":"info","event":"Invalid price rows:       0","logger":"airflow.task.hooks.airflow.providers.standard.hooks.subprocess.SubprocessHook","filename":"subprocess.py","lineno":106}
{"timestamp":"2026-09-10T11:45:12.037166Z","level":"info","event":"Invalid quantity rows:    0","logger":"airflow.task.hooks.airflow.providers.standard.hooks.subprocess.SubprocessHook","filename":"subprocess.py","lineno":106}
{"timestamp":"2026-09-10T11:45:12.037196Z","level":"info","event":"Invalid timestamp rows:   0","logger":"airflow.task.hooks.airflow.providers.standard.hooks.subprocess.SubprocessHook","filename":"subprocess.py","lineno":106}
{"timestamp":"2026-09-10T11:45:12.037224Z","level":"info","event":"Duplicate rows:           0","logger":"airflow.task.hooks.airflow.providers.standard.hooks.subprocess.SubprocessHook","filename":"subprocess.py","lineno":106}
{"timestamp":"2026-09-10T11:45:12.037254Z","level":"info","event":"","logger":"airflow.task.hooks.airflow.providers.standard.hooks.subprocess.SubprocessHook","filename":"subprocess.py","lineno":106}
{"timestamp":"2026-09-10T11:45:12.037284Z","level":"info","event":"Silver dataset created: data/silver/trades.parquet","logger":"airflow.task.hooks.airflow.providers.standard.hooks.subprocess.SubprocessHook","filename":"subprocess.py","lineno":106}
{"timestamp":"2026-09-10T11:45:12.037319Z","level":"info","event":"","logger":"airflow.task.hooks.airflow.providers.standard.hooks.subprocess.SubprocessHook","filename":"subprocess.py","lineno":106}
{"timestamp":"2026-09-10T11:45:12.037351Z","level":"info","event":"Gold dataset created: data/gold/market_summary_1m.parquet","logger":"airflow.task.hooks.airflow.providers.standard.hooks.subprocess.SubprocessHook","filename":"subprocess.py","lineno":106}
{"timestamp":"2026-09-10T11:45:12.050754Z","level":"info","event":"Command exited with return code 0","logger":"airflow.task.hooks.airflow.providers.standard.hooks.subprocess.SubprocessHook","filename":"subprocess.py","lineno":110}
{"timestamp":"2026-09-10T11:45:12.051273Z","level":"info","event":"Pushing xcom","ti":"RuntimeTaskInstance(id=UUID('01a08b22-b0bb-7fb2-a792-e8b882ea133d'), task_id='silver_to_gold', dag_id='fast_orderbook_market_pipeline', run_id='scheduled__2026-09-10T11:45:00+00:00', try_number=1, dag_version_id=UUID('01a08b09-51f9-7b61-9e85-e932a7d94770'), map_index=-1, hostname='429afdce79e7', context_carrier={}, task=<Task(BashOperator): silver_to_gold>, bundle_instance=LocalDagBundle(name=dags-folder), max_tries=2, start_date=datetime.datetime(2026, 9, 10, 11, 45, 11, 614623, tzinfo=datetime.timezone.utc), end_date=None, state=<TaskInstanceState.RUNNING: 'running'>, is_mapped=False, rendered_map_index=None)","logger":"task","filename":"task_runner.py","lineno":1352}
