{"timestamp":"2026-09-10T13:00:12.145560Z","level":"info","event":"DAG bundles loaded: dags-folder","logger":"airflow.dag_processing.bundles.manager.DagBundlesManager","filename":"manager.py","lineno":179}
{"timestamp":"2026-09-10T13:00:12.145999Z","level":"info","event":"Filling up the DagBag from /opt/airflow/dags/market_pipeline.py","logger":"airflow.models.dagbag.DagBag","filename":"dagbag.py","lineno":593}
{"timestamp":"2026-09-10T13:00:12.402475Z","level":"info","event":"Tmp dir root location: /tmp","logger":"airflow.task.hooks.airflow.providers.standard.hooks.subprocess.SubprocessHook","filename":"subprocess.py","lineno":78}
{"timestamp":"2026-09-10T13:00:12.402842Z","level":"info","event":"Running command: ['/usr/bin/bash', '-c', 'cd /opt/fast-orderbook && python -m fast_orderbook.analytics.runner']","logger":"airflow.task.hooks.airflow.providers.standard.hooks.subprocess.SubprocessHook","filename":"subprocess.py","lineno":88}
{"timestamp":"2026-09-10T13:00:12.410060Z","level":"info","event":"Output:","logger":"airflow.task.hooks.airflow.providers.standard.hooks.subprocess.SubprocessHook","filename":"subprocess.py","lineno":99}
{"timestamp":"2026-09-10T13:00:12.785084Z","level":"info","event":"","logger":"airflow.task.hooks.airflow.providers.standard.hooks.subprocess.SubprocessHook","filename":"subprocess.py","lineno":106}
{"timestamp":"2026-09-10T13:00:12.785182Z","level":"info","event":"Bronze Data Quality","logger":"airflow.task.hooks.airflow.providers.standard.hooks.subprocess.SubprocessHook","filename":"subprocess.py","lineno":106}
{"timestamp":"2026-09-10T13:00:12.785226Z","level":"info","event":"-------------------","logger":"airflow.task.hooks.airflow.providers.standard.hooks.subprocess.SubprocessHook","filename":"subprocess.py","lineno":106}
{"timestamp":"2026-09-10T13:00:12.785262Z","level":"info","event":"Total rows:               14314","logger":"airflow.task.hooks.airflow.providers.standard.hooks.subprocess.SubprocessHook","filename":"subprocess.py","lineno":106}
{"timestamp":"2026-09-10T13:00:12.785299Z","level":"info","event":"Missing required fields:  0","logger":"airflow.task.hooks.airflow.providers.standard.hooks.subprocess.SubprocessHook","filename":"subprocess.py","lineno":106}
{"timestamp":"2026-09-10T13:00:12.785331Z","level":"info","event":"Invalid price rows:       0","logger":"airflow.task.hooks.airflow.providers.standard.hooks.subprocess.SubprocessHook","filename":"subprocess.py","lineno":106}
{"timestamp":"2026-09-10T13:00:12.785367Z","level":"info","event":"Invalid quantity rows:    0","logger":"airflow.task.hooks.airflow.providers.standard.hooks.subprocess.SubprocessHook","filename":"subprocess.py","lineno":106}
{"timestamp":"2026-09-10T13:00:12.785401Z","level":"info","event":"Invalid timestamp rows:   0","logger":"airflow.task.hooks.airflow.providers.standard.hooks.subprocess.SubprocessHook","filename":"subprocess.py","lineno":106}
{"timestamp":"2026-09-10T13:00:12.785477Z","level":"info","event":"Duplicate rows:           0","logger":"airflow.task.hooks.airflow.providers.standard.hooks.subprocess.SubprocessHook","filename":"subprocess.py","lineno":106}
{"timestamp":"2026-09-10T13:00:12.785517Z","level":"info","event":"","logger":"airflow.task.hooks.airflow.providers.standard.hooks.subprocess.SubprocessHook","filename":"subprocess.py","lineno":106}
{"timestamp":"2026-09-10T13:00:12.785554Z","level":"info","event":"Silver dataset created: data/silver/trades.parquet","logger":"airflow.task.hooks.airflow.providers.standard.hooks.subprocess.SubprocessHook","filename":"subprocess.py","lineno":106}
{"timestamp":"2026-09-10T13:00:12.785592Z","level":"info","event":"","logger":"airflow.task.hooks.airflow.providers.standard.hooks.subprocess.SubprocessHook","filename":"subprocess.py","lineno":106}
{"timestamp":"2026-09-10T13:00:12.785631Z","level":"info","event":"Gold dataset created: data/gold/market_summary_1m.parquet","logger":"airflow.task.hooks.airflow.providers.standard.hooks.subprocess.SubprocessHook","filename":"subprocess.py","lineno":106}
{"timestamp":"2026-09-10T13:00:12.798729Z","level":"info","event":"Command exited with return code 0","logger":"airflow.task.hooks.airflow.providers.standard.hooks.subprocess.SubprocessHook","filename":"subprocess.py","lineno":110}
{"timestamp":"2026-09-10T13:00:12.799208Z","level":"info","event":"Pushing xcom","ti":"RuntimeTaskInstance(id=UUID('01a08b67-5c45-739f-80bc-547556e3aae8'), task_id='silver_to_gold', dag_id='fast_orderbook_market_pipeline', run_id='scheduled__2026-09-10T13:00:00+00:00', try_number=1, dag_version_id=UUID('01a08b09-51f9-7b61-9e85-e932a7d94770'), map_index=-1, hostname='429afdce79e7', context_carrier={}, task=<Task(BashOperator): silver_to_gold>, bundle_instance=LocalDagBundle(name=dags-folder), max_tries=2, start_date=datetime.datetime(2026, 9, 10, 13, 0, 12, 126740, tzinfo=datetime.timezone.utc), end_date=None, state=<TaskInstanceState.RUNNING: 'running'>, is_mapped=False, rendered_map_index=None)","logger":"task","filename":"task_runner.py","lineno":1352}
