{"timestamp":"2026-09-10T13:15:13.199350Z","level":"info","event":"DAG bundles loaded: dags-folder","logger":"airflow.dag_processing.bundles.manager.DagBundlesManager","filename":"manager.py","lineno":179}
{"timestamp":"2026-09-10T13:15:13.199858Z","level":"info","event":"Filling up the DagBag from /opt/airflow/dags/market_pipeline.py","logger":"airflow.models.dagbag.DagBag","filename":"dagbag.py","lineno":593}
{"timestamp":"2026-09-10T13:15:13.469619Z","level":"info","event":"Tmp dir root location: /tmp","logger":"airflow.task.hooks.airflow.providers.standard.hooks.subprocess.SubprocessHook","filename":"subprocess.py","lineno":78}
{"timestamp":"2026-09-10T13:15:13.469992Z","level":"info","event":"Running command: ['/usr/bin/bash', '-c', 'cd /opt/fast-orderbook && python -m fast_orderbook.analytics.runner']","logger":"airflow.task.hooks.airflow.providers.standard.hooks.subprocess.SubprocessHook","filename":"subprocess.py","lineno":88}
{"timestamp":"2026-09-10T13:15:13.477990Z","level":"info","event":"Output:","logger":"airflow.task.hooks.airflow.providers.standard.hooks.subprocess.SubprocessHook","filename":"subprocess.py","lineno":99}
{"timestamp":"2026-09-10T13:15:13.865751Z","level":"info","event":"","logger":"airflow.task.hooks.airflow.providers.standard.hooks.subprocess.SubprocessHook","filename":"subprocess.py","lineno":106}
{"timestamp":"2026-09-10T13:15:13.866000Z","level":"info","event":"Bronze Data Quality","logger":"airflow.task.hooks.airflow.providers.standard.hooks.subprocess.SubprocessHook","filename":"subprocess.py","lineno":106}
{"timestamp":"2026-09-10T13:15:13.866146Z","level":"info","event":"-------------------","logger":"airflow.task.hooks.airflow.providers.standard.hooks.subprocess.SubprocessHook","filename":"subprocess.py","lineno":106}
{"timestamp":"2026-09-10T13:15:13.866264Z","level":"info","event":"Total rows:               14314","logger":"airflow.task.hooks.airflow.providers.standard.hooks.subprocess.SubprocessHook","filename":"subprocess.py","lineno":106}
{"timestamp":"2026-09-10T13:15:13.866379Z","level":"info","event":"Missing required fields:  0","logger":"airflow.task.hooks.airflow.providers.standard.hooks.subprocess.SubprocessHook","filename":"subprocess.py","lineno":106}
{"timestamp":"2026-09-10T13:15:13.866536Z","level":"info","event":"Invalid price rows:       0","logger":"airflow.task.hooks.airflow.providers.standard.hooks.subprocess.SubprocessHook","filename":"subprocess.py","lineno":106}
{"timestamp":"2026-09-10T13:15:13.866650Z","level":"info","event":"Invalid quantity rows:    0","logger":"airflow.task.hooks.airflow.providers.standard.hooks.subprocess.SubprocessHook","filename":"subprocess.py","lineno":106}
{"timestamp":"2026-09-10T13:15:13.866761Z","level":"info","event":"Invalid timestamp rows:   0","logger":"airflow.task.hooks.airflow.providers.standard.hooks.subprocess.SubprocessHook","filename":"subprocess.py","lineno":106}
{"timestamp":"2026-09-10T13:15:13.866870Z","level":"info","event":"Duplicate rows:           0","logger":"airflow.task.hooks.airflow.providers.standard.hooks.subprocess.SubprocessHook","filename":"subprocess.py","lineno":106}
{"timestamp":"2026-09-10T13:15:13.866972Z","level":"info","event":"","logger":"airflow.task.hooks.airflow.providers.standard.hooks.subprocess.SubprocessHook","filename":"subprocess.py","lineno":106}
{"timestamp":"2026-09-10T13:15:13.867075Z","level":"info","event":"Silver dataset created: data/silver/trades.parquet","logger":"airflow.task.hooks.airflow.providers.standard.hooks.subprocess.SubprocessHook","filename":"subprocess.py","lineno":106}
{"timestamp":"2026-09-10T13:15:13.867182Z","level":"info","event":"","logger":"airflow.task.hooks.airflow.providers.standard.hooks.subprocess.SubprocessHook","filename":"subprocess.py","lineno":106}
{"timestamp":"2026-09-10T13:15:13.867284Z","level":"info","event":"Gold dataset created: data/gold/market_summary_1m.parquet","logger":"airflow.task.hooks.airflow.providers.standard.hooks.subprocess.SubprocessHook","filename":"subprocess.py","lineno":106}
{"timestamp":"2026-09-10T13:15:13.899861Z","level":"info","event":"Command exited with return code 0","logger":"airflow.task.hooks.airflow.providers.standard.hooks.subprocess.SubprocessHook","filename":"subprocess.py","lineno":110}
{"timestamp":"2026-09-10T13:15:13.900664Z","level":"info","event":"Pushing xcom","ti":"RuntimeTaskInstance(id=UUID('01a08b75-16fe-7dd9-8317-ea5f949b7205'), task_id='silver_to_gold', dag_id='fast_orderbook_market_pipeline', run_id='scheduled__2026-09-10T13:15:00+00:00', try_number=1, dag_version_id=UUID('01a08b09-51f9-7b61-9e85-e932a7d94770'), map_index=-1, hostname='429afdce79e7', context_carrier={}, task=<Task(BashOperator): silver_to_gold>, bundle_instance=LocalDagBundle(name=dags-folder), max_tries=2, start_date=datetime.datetime(2026, 9, 10, 13, 15, 13, 179561, tzinfo=datetime.timezone.utc), end_date=None, state=<TaskInstanceState.RUNNING: 'running'>, is_mapped=False, rendered_map_index=None)","logger":"task","filename":"task_runner.py","lineno":1352}
